[
 {
  "Id": "locations/us-central1/namespaces/cloudskiff-dev-elie/services/cloudrun-srv",
  "Type": "google_cloud_run_service",
  "Attrs": {
   "autogenerate_revision_name": false,
   "id": "locations/us-central1/namespaces/cloudskiff-dev-elie/services/cloudrun-srv",
   "location": "us-central1",
   "metadata": [
    {
     "annotations": {
      "run.googleapis.com/ingress": "all",
      "run.googleapis.com/ingress-status": "all",
      "serving.knative.dev/creator": "elie.charra@cloudskiff.com",
      "serving.knative.dev/lastModifier": "elie.charra@cloudskiff.com"
     },
     "generation": 1,
     "labels": {
      "cloud.googleapis.com/location": "us-central1"
     },
     "namespace": "cloudskiff-dev-elie",
     "resource_version": "AAXPaYeA89Y",
     "self_link": "/apis/serving.knative.dev/v1/namespaces/260375416303/services/cloudrun-srv",
     "uid": "eff57385-823a-4664-b385-05465c574de2"
    }
   ],
   "name": "cloudrun-srv",
   "project": "cloudskiff-dev-elie",
   "status": [
    {
     "conditions": [
      {
       "message": "",
       "reason": "",
       "status": "True",
       "type": "Ready"
      },
      {
       "message": "",
       "reason": "",
       "status": "True",
       "type": "ConfigurationsReady"
      },
      {
       "message": "",
       "reason": "",
       "status": "True",
       "type": "RoutesReady"
      }
     ],
     "latest_created_revision_name": "cloudrun-srv-9x6cp",
     "latest_ready_revision_name": "cloudrun-srv-9x6cp",
     "observed_generation": 1,
     "url": "https://cloudrun-srv-kr2b64aapq-uc.a.run.app"
    }
   ],
   "template": [
    {
     "metadata": [
      {
       "annotations": {
        "autoscaling.knative.dev/maxScale": "100"
       },
       "generation": 0,
       "name": "",
       "namespace": "",
       "resource_version": "",
       "self_link": "",
       "uid": ""
      }
     ],
     "spec": [
      {
       "container_concurrency": 80,
       "containers": [
        {
         "image": "us-docker.pkg.dev/cloudrun/container/hello",
         "ports": [
          {
           "container_port": 8080,
           "name": "http1",
           "protocol": ""
          }
         ],
         "resources": [
          {
           "limits": {
            "cpu": "1000m",
            "memory": "512Mi"
           }
          }
         ],
         "working_dir": ""
        }
       ],
       "service_account_name": "",
       "serving_state": "",
       "timeout_seconds": 300
      }
     ]
    }
   ],
   "traffic": [
    {
     "latest_revision": true,
     "percent": 100,
     "revision_name": ""
    }
   ]
  }
 }
]